Archive member included to satisfy reference by file (symbol)

c:/program files (x86)/atmel/studio/7.0/toolchain/avr8/avr8-gnu-toolchain/bin/../lib/gcc/avr/5.4.0/avr5\libgcc.a(_divmodhi4.o)
                              Macl/PWM.o (__divmodhi4)
c:/program files (x86)/atmel/studio/7.0/toolchain/avr8/avr8-gnu-toolchain/bin/../lib/gcc/avr/5.4.0/avr5\libgcc.a(_udivmodsi4.o)
                              Macl/PWM.o (__udivmodsi4)
c:/program files (x86)/atmel/studio/7.0/toolchain/avr8/avr8-gnu-toolchain/bin/../lib/gcc/avr/5.4.0/avr5\libgcc.a(_exit.o)
                              C:/Program Files (x86)/Atmel/Studio/7.0/Packs/atmel/ATmega_DFP/1.2.150/gcc/dev/atmega32/avr5/crtatmega32.o (exit)
c:/program files (x86)/atmel/studio/7.0/toolchain/avr8/avr8-gnu-toolchain/bin/../lib/gcc/avr/5.4.0/avr5\libgcc.a(_tablejump2.o)
                              Macl/Timer.o (__tablejump2__)
c:/program files (x86)/atmel/studio/7.0/toolchain/avr8/avr8-gnu-toolchain/bin/../lib/gcc/avr/5.4.0/avr5\libgcc.a(_copy_data.o)
                              Macl/PWM.o (__do_copy_data)
c:/program files (x86)/atmel/studio/7.0/toolchain/avr8/avr8-gnu-toolchain/bin/../lib/gcc/avr/5.4.0/avr5\libgcc.a(_clear_bss.o)
                              Macl/ICU.o (__do_clear_bss)
c:/program files (x86)/atmel/studio/7.0/toolchain/avr8/avr8-gnu-toolchain/bin/../lib/gcc/avr/5.4.0/avr5\libgcc.a(_umulhisi3.o)
                              Macl/PWM.o (__umulhisi3)
c:/program files (x86)/atmel/studio/7.0/toolchain/avr8/avr8-gnu-toolchain/bin/../lib/gcc/avr/5.4.0/avr5\libgcc.a(_muluhisi3.o)
                              Macl/PWM.o (__muluhisi3)
c:/program files (x86)/atmel/studio/7.0/toolchain/avr8/avr8-gnu-toolchain/bin/../lib/gcc/avr/5.4.0/avr5\libgcc.a(_udivmodhi4.o)
                              c:/program files (x86)/atmel/studio/7.0/toolchain/avr8/avr8-gnu-toolchain/bin/../lib/gcc/avr/5.4.0/avr5\libgcc.a(_divmodhi4.o) (__udivmodhi4)

Discarded input sections

 .data          0x00000000        0x0 C:/Program Files (x86)/Atmel/Studio/7.0/Packs/atmel/ATmega_DFP/1.2.150/gcc/dev/atmega32/avr5/crtatmega32.o
 .bss           0x00000000        0x0 C:/Program Files (x86)/Atmel/Studio/7.0/Packs/atmel/ATmega_DFP/1.2.150/gcc/dev/atmega32/avr5/crtatmega32.o
 .group         0x00000000        0x8 APP/Car_sm.o
 .group         0x00000000        0x8 APP/Car_sm.o
 .group         0x00000000        0x8 APP/Car_sm.o
 .group         0x00000000        0x8 APP/Car_sm.o
 .group         0x00000000        0x8 APP/Car_sm.o
 .group         0x00000000        0x8 APP/Car_sm.o
 .group         0x00000000        0x8 APP/Car_sm.o
 .group         0x00000000        0x8 APP/Car_sm.o
 .group         0x00000000        0x8 APP/Car_sm.o
 .group         0x00000000        0x8 APP/Car_sm.o
 .group         0x00000000        0x8 APP/Car_sm.o
 .group         0x00000000        0x8 APP/Car_sm.o
 .text          0x00000000        0x0 APP/Car_sm.o
 .data          0x00000000        0x0 APP/Car_sm.o
 .bss           0x00000000        0x0 APP/Car_sm.o
 .group         0x00000000        0x8 APP/Steering.o
 .group         0x00000000        0x8 APP/Steering.o
 .group         0x00000000        0x8 APP/Steering.o
 .group         0x00000000        0x8 APP/Steering.o
 .group         0x00000000        0x8 APP/Steering.o
 .group         0x00000000        0x8 APP/Steering.o
 .group         0x00000000        0x8 APP/Steering.o
 .group         0x00000000        0x8 APP/Steering.o
 .text          0x00000000        0x0 APP/Steering.o
 .data          0x00000000        0x0 APP/Steering.o
 .bss           0x00000000        0x0 APP/Steering.o
 .debug_macro   0x00000000      0xa4e APP/Steering.o
 .debug_macro   0x00000000       0x3a APP/Steering.o
 .debug_macro   0x00000000      0x220 APP/Steering.o
 .debug_macro   0x00000000       0x2e APP/Steering.o
 .debug_macro   0x00000000       0x9a APP/Steering.o
 .debug_macro   0x00000000       0x5e APP/Steering.o
 .debug_macro   0x00000000       0x28 APP/Steering.o
 .debug_macro   0x00000000       0x2e APP/Steering.o
 .group         0x00000000        0x8 Common/softwaredelay.o
 .group         0x00000000        0x8 Common/softwaredelay.o
 .text          0x00000000        0x0 Common/softwaredelay.o
 .data          0x00000000        0x0 Common/softwaredelay.o
 .bss           0x00000000        0x0 Common/softwaredelay.o
 .text.softwareDelayUS
                0x00000000       0x34 Common/softwaredelay.o
 .debug_macro   0x00000000      0xa4e Common/softwaredelay.o
 .debug_macro   0x00000000       0x3a Common/softwaredelay.o
 .group         0x00000000        0x8 Hall/Motor.o
 .group         0x00000000        0x8 Hall/Motor.o
 .group         0x00000000        0x8 Hall/Motor.o
 .group         0x00000000        0x8 Hall/Motor.o
 .group         0x00000000        0x8 Hall/Motor.o
 .group         0x00000000        0x8 Hall/Motor.o
 .group         0x00000000        0x8 Hall/Motor.o
 .text          0x00000000        0x0 Hall/Motor.o
 .data          0x00000000        0x0 Hall/Motor.o
 .bss           0x00000000        0x0 Hall/Motor.o
 .text.Motor_SpeedUpdate
                0x00000000       0x32 Hall/Motor.o
 .debug_macro   0x00000000      0xa4e Hall/Motor.o
 .debug_macro   0x00000000       0x3a Hall/Motor.o
 .debug_macro   0x00000000      0x220 Hall/Motor.o
 .debug_macro   0x00000000       0x2e Hall/Motor.o
 .debug_macro   0x00000000       0x9a Hall/Motor.o
 .debug_macro   0x00000000       0x5e Hall/Motor.o
 .debug_macro   0x00000000       0x28 Hall/Motor.o
 .group         0x00000000        0x8 Hall/Us.o
 .group         0x00000000        0x8 Hall/Us.o
 .group         0x00000000        0x8 Hall/Us.o
 .group         0x00000000        0x8 Hall/Us.o
 .group         0x00000000        0x8 Hall/Us.o
 .group         0x00000000        0x8 Hall/Us.o
 .group         0x00000000        0x8 Hall/Us.o
 .group         0x00000000        0x8 Hall/Us.o
 .text          0x00000000        0x0 Hall/Us.o
 .data          0x00000000        0x0 Hall/Us.o
 .bss           0x00000000        0x0 Hall/Us.o
 .debug_macro   0x00000000      0xa4e Hall/Us.o
 .debug_macro   0x00000000       0x3a Hall/Us.o
 .debug_macro   0x00000000      0x220 Hall/Us.o
 .debug_macro   0x00000000       0x2e Hall/Us.o
 .debug_macro   0x00000000       0x9a Hall/Us.o
 .debug_macro   0x00000000       0x8e Hall/Us.o
 .debug_macro   0x00000000       0x70 Hall/Us.o
 .debug_macro   0x00000000       0x40 Hall/Us.o
 .group         0x00000000        0x8 Macl/DIO.o
 .group         0x00000000        0x8 Macl/DIO.o
 .group         0x00000000        0x8 Macl/DIO.o
 .group         0x00000000        0x8 Macl/DIO.o
 .group         0x00000000        0x8 Macl/DIO.o
 .text          0x00000000        0x0 Macl/DIO.o
 .data          0x00000000        0x0 Macl/DIO.o
 .bss           0x00000000        0x0 Macl/DIO.o
 .text.DIO_Read
                0x00000000       0x7c Macl/DIO.o
 .text.DIO_Toggle
                0x00000000       0x3c Macl/DIO.o
 .debug_macro   0x00000000      0xa4e Macl/DIO.o
 .debug_macro   0x00000000       0x3a Macl/DIO.o
 .debug_macro   0x00000000      0x220 Macl/DIO.o
 .debug_macro   0x00000000       0x2e Macl/DIO.o
 .debug_macro   0x00000000       0x9a Macl/DIO.o
 .group         0x00000000        0x8 Macl/ICU.o
 .group         0x00000000        0x8 Macl/ICU.o
 .group         0x00000000        0x8 Macl/ICU.o
 .group         0x00000000        0x8 Macl/ICU.o
 .group         0x00000000        0x8 Macl/ICU.o
 .group         0x00000000        0x8 Macl/ICU.o
 .group         0x00000000        0x8 Macl/ICU.o
 .group         0x00000000        0x8 Macl/ICU.o
 .text          0x00000000        0x0 Macl/ICU.o
 .data          0x00000000        0x0 Macl/ICU.o
 .bss           0x00000000        0x0 Macl/ICU.o
 .debug_macro   0x00000000      0xa4e Macl/ICU.o
 .debug_macro   0x00000000       0x3a Macl/ICU.o
 .debug_macro   0x00000000      0x220 Macl/ICU.o
 .debug_macro   0x00000000       0x2e Macl/ICU.o
 .debug_macro   0x00000000       0x8e Macl/ICU.o
 .debug_macro   0x00000000       0x70 Macl/ICU.o
 .group         0x00000000        0x8 Macl/PWM.o
 .group         0x00000000        0x8 Macl/PWM.o
 .group         0x00000000        0x8 Macl/PWM.o
 .group         0x00000000        0x8 Macl/PWM.o
 .group         0x00000000        0x8 Macl/PWM.o
 .group         0x00000000        0x8 Macl/PWM.o
 .text          0x00000000        0x0 Macl/PWM.o
 .data          0x00000000        0x0 Macl/PWM.o
 .bss           0x00000000        0x0 Macl/PWM.o
 .text.Pwm_Update
                0x00000000      0x11a Macl/PWM.o
 .text.Pwm_Stop
                0x00000000       0xa8 Macl/PWM.o
 .debug_macro   0x00000000      0xa4e Macl/PWM.o
 .debug_macro   0x00000000       0x3a Macl/PWM.o
 .debug_macro   0x00000000      0x220 Macl/PWM.o
 .debug_macro   0x00000000       0x2e Macl/PWM.o
 .debug_macro   0x00000000       0x9a Macl/PWM.o
 .group         0x00000000        0x8 Macl/Timer.o
 .group         0x00000000        0x8 Macl/Timer.o
 .group         0x00000000        0x8 Macl/Timer.o
 .group         0x00000000        0x8 Macl/Timer.o
 .group         0x00000000        0x8 Macl/Timer.o
 .group         0x00000000        0x8 Macl/Timer.o
 .text          0x00000000        0x0 Macl/Timer.o
 .data          0x00000000        0x0 Macl/Timer.o
 .bss           0x00000000        0x0 Macl/Timer.o
 .bss.gu_timer_count3
                0x00000000        0x4 Macl/Timer.o
 .bss.gu_timer_count2
                0x00000000        0x4 Macl/Timer.o
 .debug_macro   0x00000000      0xa4e Macl/Timer.o
 .debug_macro   0x00000000       0x3a Macl/Timer.o
 .debug_macro   0x00000000      0x220 Macl/Timer.o
 .debug_macro   0x00000000       0x2e Macl/Timer.o
 .debug_macro   0x00000000       0x8e Macl/Timer.o
 .group         0x00000000        0x8 Main.o
 .group         0x00000000        0x8 Main.o
 .group         0x00000000        0x8 Main.o
 .group         0x00000000        0x8 Main.o
 .group         0x00000000        0x8 Main.o
 .group         0x00000000        0x8 Main.o
 .group         0x00000000        0x8 Main.o
 .group         0x00000000        0x8 Main.o
 .group         0x00000000        0x8 Main.o
 .group         0x00000000        0x8 Main.o
 .group         0x00000000        0x8 Main.o
 .group         0x00000000        0x8 Main.o
 .text          0x00000000        0x0 Main.o
 .data          0x00000000        0x0 Main.o
 .bss           0x00000000        0x0 Main.o
 .debug_macro   0x00000000      0xa4e Main.o
 .debug_macro   0x00000000       0x3a Main.o
 .debug_macro   0x00000000      0x220 Main.o
 .debug_macro   0x00000000       0x2e Main.o
 .debug_macro   0x00000000       0x9a Main.o
 .debug_macro   0x00000000       0x5e Main.o
 .debug_macro   0x00000000       0x28 Main.o
 .debug_macro   0x00000000       0x2e Main.o
 .debug_macro   0x00000000       0x8e Main.o
 .debug_macro   0x00000000       0x70 Main.o
 .debug_macro   0x00000000       0x40 Main.o
 .debug_macro   0x00000000       0x10 Main.o
 .group         0x00000000        0x8 src/ASF/mega/boards/stk600/rcx_x/init.o
 .group         0x00000000        0x8 src/ASF/mega/boards/stk600/rcx_x/init.o
 .group         0x00000000        0x8 src/ASF/mega/boards/stk600/rcx_x/init.o
 .group         0x00000000        0x8 src/ASF/mega/boards/stk600/rcx_x/init.o
 .group         0x00000000        0x8 src/ASF/mega/boards/stk600/rcx_x/init.o
 .group         0x00000000        0x8 src/ASF/mega/boards/stk600/rcx_x/init.o
 .group         0x00000000        0x8 src/ASF/mega/boards/stk600/rcx_x/init.o
 .group         0x00000000        0x8 src/ASF/mega/boards/stk600/rcx_x/init.o
 .group         0x00000000        0x8 src/ASF/mega/boards/stk600/rcx_x/init.o
 .group         0x00000000        0x8 src/ASF/mega/boards/stk600/rcx_x/init.o
 .group         0x00000000        0x8 src/ASF/mega/boards/stk600/rcx_x/init.o
 .group         0x00000000        0x8 src/ASF/mega/boards/stk600/rcx_x/init.o
 .group         0x00000000        0x8 src/ASF/mega/boards/stk600/rcx_x/init.o
 .group         0x00000000        0x8 src/ASF/mega/boards/stk600/rcx_x/init.o
 .group         0x00000000        0x8 src/ASF/mega/boards/stk600/rcx_x/init.o
 .group         0x00000000        0x8 src/ASF/mega/boards/stk600/rcx_x/init.o
 .group         0x00000000        0x8 src/ASF/mega/boards/stk600/rcx_x/init.o
 .group         0x00000000        0x8 src/ASF/mega/boards/stk600/rcx_x/init.o
 .group         0x00000000        0x8 src/ASF/mega/boards/stk600/rcx_x/init.o
 .group         0x00000000        0x8 src/ASF/mega/boards/stk600/rcx_x/init.o
 .group         0x00000000        0x8 src/ASF/mega/boards/stk600/rcx_x/init.o
 .group         0x00000000        0x8 src/ASF/mega/boards/stk600/rcx_x/init.o
 .group         0x00000000        0x8 src/ASF/mega/boards/stk600/rcx_x/init.o
 .group         0x00000000        0x8 src/ASF/mega/boards/stk600/rcx_x/init.o
 .group         0x00000000        0x8 src/ASF/mega/boards/stk600/rcx_x/init.o
 .text          0x00000000        0x0 src/ASF/mega/boards/stk600/rcx_x/init.o
 .data          0x00000000        0x0 src/ASF/mega/boards/stk600/rcx_x/init.o
 .bss           0x00000000        0x0 src/ASF/mega/boards/stk600/rcx_x/init.o
 .text.board_init
                0x00000000        0x2 src/ASF/mega/boards/stk600/rcx_x/init.o
 .debug_info    0x00000000       0x7c src/ASF/mega/boards/stk600/rcx_x/init.o
 .debug_abbrev  0x00000000       0x47 src/ASF/mega/boards/stk600/rcx_x/init.o
 .debug_aranges
                0x00000000       0x20 src/ASF/mega/boards/stk600/rcx_x/init.o
 .debug_ranges  0x00000000       0x10 src/ASF/mega/boards/stk600/rcx_x/init.o
 .debug_macro   0x00000000      0x134 src/ASF/mega/boards/stk600/rcx_x/init.o
 .debug_macro   0x00000000      0xa4e src/ASF/mega/boards/stk600/rcx_x/init.o
 .debug_macro   0x00000000       0x10 src/ASF/mega/boards/stk600/rcx_x/init.o
 .debug_macro   0x00000000      0x1c9 src/ASF/mega/boards/stk600/rcx_x/init.o
 .debug_macro   0x00000000      0x2fc src/ASF/mega/boards/stk600/rcx_x/init.o
 .debug_macro   0x00000000       0x9e src/ASF/mega/boards/stk600/rcx_x/init.o
 .debug_macro   0x00000000      0xc24 src/ASF/mega/boards/stk600/rcx_x/init.o
 .debug_macro   0x00000000      0x170 src/ASF/mega/boards/stk600/rcx_x/init.o
 .debug_macro   0x00000000       0xbd src/ASF/mega/boards/stk600/rcx_x/init.o
 .debug_macro   0x00000000       0x34 src/ASF/mega/boards/stk600/rcx_x/init.o
 .debug_macro   0x00000000       0x18 src/ASF/mega/boards/stk600/rcx_x/init.o
 .debug_macro   0x00000000       0x6c src/ASF/mega/boards/stk600/rcx_x/init.o
 .debug_macro   0x00000000       0x22 src/ASF/mega/boards/stk600/rcx_x/init.o
 .debug_macro   0x00000000      0x16d src/ASF/mega/boards/stk600/rcx_x/init.o
 .debug_macro   0x00000000       0x1c src/ASF/mega/boards/stk600/rcx_x/init.o
 .debug_macro   0x00000000       0x35 src/ASF/mega/boards/stk600/rcx_x/init.o
 .debug_macro   0x00000000       0x66 src/ASF/mega/boards/stk600/rcx_x/init.o
 .debug_macro   0x00000000      0x64b src/ASF/mega/boards/stk600/rcx_x/init.o
 .debug_macro   0x00000000       0x44 src/ASF/mega/boards/stk600/rcx_x/init.o
 .debug_macro   0x00000000       0x69 src/ASF/mega/boards/stk600/rcx_x/init.o
 .debug_macro   0x00000000       0x2c src/ASF/mega/boards/stk600/rcx_x/init.o
 .debug_macro   0x00000000       0x10 src/ASF/mega/boards/stk600/rcx_x/init.o
 .debug_macro   0x00000000       0xe2 src/ASF/mega/boards/stk600/rcx_x/init.o
 .debug_macro   0x00000000       0x40 src/ASF/mega/boards/stk600/rcx_x/init.o
 .debug_macro   0x00000000      0x100 src/ASF/mega/boards/stk600/rcx_x/init.o
 .debug_macro   0x00000000      0x2c0 src/ASF/mega/boards/stk600/rcx_x/init.o
 .debug_line    0x00000000      0x35e src/ASF/mega/boards/stk600/rcx_x/init.o
 .debug_str     0x00000000     0xe7d5 src/ASF/mega/boards/stk600/rcx_x/init.o
 .comment       0x00000000       0x31 src/ASF/mega/boards/stk600/rcx_x/init.o
 .debug_frame   0x00000000       0x24 src/ASF/mega/boards/stk600/rcx_x/init.o
 .text          0x00000000        0x0 c:/program files (x86)/atmel/studio/7.0/toolchain/avr8/avr8-gnu-toolchain/bin/../lib/gcc/avr/5.4.0/avr5\libgcc.a(_divmodhi4.o)
 .data          0x00000000        0x0 c:/program files (x86)/atmel/studio/7.0/toolchain/avr8/avr8-gnu-toolchain/bin/../lib/gcc/avr/5.4.0/avr5\libgcc.a(_divmodhi4.o)
 .bss           0x00000000        0x0 c:/program files (x86)/atmel/studio/7.0/toolchain/avr8/avr8-gnu-toolchain/bin/../lib/gcc/avr/5.4.0/avr5\libgcc.a(_divmodhi4.o)
 .text.libgcc.mul
                0x00000000        0x0 c:/program files (x86)/atmel/studio/7.0/toolchain/avr8/avr8-gnu-toolchain/bin/../lib/gcc/avr/5.4.0/avr5\libgcc.a(_divmodhi4.o)
 .text.libgcc   0x00000000        0x0 c:/program files (x86)/atmel/studio/7.0/toolchain/avr8/avr8-gnu-toolchain/bin/../lib/gcc/avr/5.4.0/avr5\libgcc.a(_divmodhi4.o)
 .text.libgcc.prologue
                0x00000000        0x0 c:/program files (x86)/atmel/studio/7.0/toolchain/avr8/avr8-gnu-toolchain/bin/../lib/gcc/avr/5.4.0/avr5\libgcc.a(_divmodhi4.o)
 .text.libgcc.builtins
                0x00000000        0x0 c:/program files (x86)/atmel/studio/7.0/toolchain/avr8/avr8-gnu-toolchain/bin/../lib/gcc/avr/5.4.0/avr5\libgcc.a(_divmodhi4.o)
 .text.libgcc.fmul
                0x00000000        0x0 c:/program files (x86)/atmel/studio/7.0/toolchain/avr8/avr8-gnu-toolchain/bin/../lib/gcc/avr/5.4.0/avr5\libgcc.a(_divmodhi4.o)
 .text.libgcc.fixed
                0x00000000        0x0 c:/program files (x86)/atmel/studio/7.0/toolchain/avr8/avr8-gnu-toolchain/bin/../lib/gcc/avr/5.4.0/avr5\libgcc.a(_divmodhi4.o)
 .text          0x00000000        0x0 c:/program files (x86)/atmel/studio/7.0/toolchain/avr8/avr8-gnu-toolchain/bin/../lib/gcc/avr/5.4.0/avr5\libgcc.a(_udivmodsi4.o)
 .data          0x00000000        0x0 c:/program files (x86)/atmel/studio/7.0/toolchain/avr8/avr8-gnu-toolchain/bin/../lib/gcc/avr/5.4.0/avr5\libgcc.a(_udivmodsi4.o)
 .bss           0x00000000        0x0 c:/program files (x86)/atmel/studio/7.0/toolchain/avr8/avr8-gnu-toolchain/bin/../lib/gcc/avr/5.4.0/avr5\libgcc.a(_udivmodsi4.o)
 .text.libgcc.mul
                0x00000000        0x0 c:/program files (x86)/atmel/studio/7.0/toolchain/avr8/avr8-gnu-toolchain/bin/../lib/gcc/avr/5.4.0/avr5\libgcc.a(_udivmodsi4.o)
 .text.libgcc   0x00000000        0x0 c:/program files (x86)/atmel/studio/7.0/toolchain/avr8/avr8-gnu-toolchain/bin/../lib/gcc/avr/5.4.0/avr5\libgcc.a(_udivmodsi4.o)
 .text.libgcc.prologue
                0x00000000        0x0 c:/program files (x86)/atmel/studio/7.0/toolchain/avr8/avr8-gnu-toolchain/bin/../lib/gcc/avr/5.4.0/avr5\libgcc.a(_udivmodsi4.o)
 .text.libgcc.builtins
                0x00000000        0x0 c:/program files (x86)/atmel/studio/7.0/toolchain/avr8/avr8-gnu-toolchain/bin/../lib/gcc/avr/5.4.0/avr5\libgcc.a(_udivmodsi4.o)
 .text.libgcc.fmul
                0x00000000        0x0 c:/program files (x86)/atmel/studio/7.0/toolchain/avr8/avr8-gnu-toolchain/bin/../lib/gcc/avr/5.4.0/avr5\libgcc.a(_udivmodsi4.o)
 .text.libgcc.fixed
                0x00000000        0x0 c:/program files (x86)/atmel/studio/7.0/toolchain/avr8/avr8-gnu-toolchain/bin/../lib/gcc/avr/5.4.0/avr5\libgcc.a(_udivmodsi4.o)
 .text          0x00000000        0x0 c:/program files (x86)/atmel/studio/7.0/toolchain/avr8/avr8-gnu-toolchain/bin/../lib/gcc/avr/5.4.0/avr5\libgcc.a(_exit.o)
 .data          0x00000000        0x0 c:/program files (x86)/atmel/studio/7.0/toolchain/avr8/avr8-gnu-toolchain/bin/../lib/gcc/avr/5.4.0/avr5\libgcc.a(_exit.o)
 .bss           0x00000000        0x0 c:/program files (x86)/atmel/studio/7.0/toolchain/avr8/avr8-gnu-toolchain/bin/../lib/gcc/avr/5.4.0/avr5\libgcc.a(_exit.o)
 .text.libgcc.mul
                0x00000000        0x0 c:/program files (x86)/atmel/studio/7.0/toolchain/avr8/avr8-gnu-toolchain/bin/../lib/gcc/avr/5.4.0/avr5\libgcc.a(_exit.o)
 .text.libgcc.div
                0x00000000        0x0 c:/program files (x86)/atmel/studio/7.0/toolchain/avr8/avr8-gnu-toolchain/bin/../lib/gcc/avr/5.4.0/avr5\libgcc.a(_exit.o)
 .text.libgcc   0x00000000        0x0 c:/program files (x86)/atmel/studio/7.0/toolchain/avr8/avr8-gnu-toolchain/bin/../lib/gcc/avr/5.4.0/avr5\libgcc.a(_exit.o)
 .text.libgcc.prologue
                0x00000000        0x0 c:/program files (x86)/atmel/studio/7.0/toolchain/avr8/avr8-gnu-toolchain/bin/../lib/gcc/avr/5.4.0/avr5\libgcc.a(_exit.o)
 .text.libgcc.builtins
                0x00000000        0x0 c:/program files (x86)/atmel/studio/7.0/toolchain/avr8/avr8-gnu-toolchain/bin/../lib/gcc/avr/5.4.0/avr5\libgcc.a(_exit.o)
 .text.libgcc.fmul
                0x00000000        0x0 c:/program files (x86)/atmel/studio/7.0/toolchain/avr8/avr8-gnu-toolchain/bin/../lib/gcc/avr/5.4.0/avr5\libgcc.a(_exit.o)
 .text.libgcc.fixed
                0x00000000        0x0 c:/program files (x86)/atmel/studio/7.0/toolchain/avr8/avr8-gnu-toolchain/bin/../lib/gcc/avr/5.4.0/avr5\libgcc.a(_exit.o)
 .text          0x00000000        0x0 c:/program files (x86)/atmel/studio/7.0/toolchain/avr8/avr8-gnu-toolchain/bin/../lib/gcc/avr/5.4.0/avr5\libgcc.a(_tablejump2.o)
 .data          0x00000000        0x0 c:/program files (x86)/atmel/studio/7.0/toolchain/avr8/avr8-gnu-toolchain/bin/../lib/gcc/avr/5.4.0/avr5\libgcc.a(_tablejump2.o)
 .bss           0x00000000        0x0 c:/program files (x86)/atmel/studio/7.0/toolchain/avr8/avr8-gnu-toolchain/bin/../lib/gcc/avr/5.4.0/avr5\libgcc.a(_tablejump2.o)
 .text.libgcc.mul
                0x00000000        0x0 c:/program files (x86)/atmel/studio/7.0/toolchain/avr8/avr8-gnu-toolchain/bin/../lib/gcc/avr/5.4.0/avr5\libgcc.a(_tablejump2.o)
 .text.libgcc.div
                0x00000000        0x0 c:/program files (x86)/atmel/studio/7.0/toolchain/avr8/avr8-gnu-toolchain/bin/../lib/gcc/avr/5.4.0/avr5\libgcc.a(_tablejump2.o)
 .text.libgcc.prologue
                0x00000000        0x0 c:/program files (x86)/atmel/studio/7.0/toolchain/avr8/avr8-gnu-toolchain/bin/../lib/gcc/avr/5.4.0/avr5\libgcc.a(_tablejump2.o)
 .text.libgcc.builtins
                0x00000000        0x0 c:/program files (x86)/atmel/studio/7.0/toolchain/avr8/avr8-gnu-toolchain/bin/../lib/gcc/avr/5.4.0/avr5\libgcc.a(_tablejump2.o)
 .text.libgcc.fmul
                0x00000000        0x0 c:/program files (x86)/atmel/studio/7.0/toolchain/avr8/avr8-gnu-toolchain/bin/../lib/gcc/avr/5.4.0/avr5\libgcc.a(_tablejump2.o)
 .text.libgcc.fixed
                0x00000000        0x0 c:/program files (x86)/atmel/studio/7.0/toolchain/avr8/avr8-gnu-toolchain/bin/../lib/gcc/avr/5.4.0/avr5\libgcc.a(_tablejump2.o)
 .text          0x00000000        0x0 c:/program files (x86)/atmel/studio/7.0/toolchain/avr8/avr8-gnu-toolchain/bin/../lib/gcc/avr/5.4.0/avr5\libgcc.a(_copy_data.o)
 .data          0x00000000        0x0 c:/program files (x86)/atmel/studio/7.0/toolchain/avr8/avr8-gnu-toolchain/bin/../lib/gcc/avr/5.4.0/avr5\libgcc.a(_copy_data.o)
 .bss           0x00000000        0x0 c:/program files (x86)/atmel/studio/7.0/toolchain/avr8/avr8-gnu-toolchain/bin/../lib/gcc/avr/5.4.0/avr5\libgcc.a(_copy_data.o)
 .text.libgcc.mul
                0x00000000        0x0 c:/program files (x86)/atmel/studio/7.0/toolchain/avr8/avr8-gnu-toolchain/bin/../lib/gcc/avr/5.4.0/avr5\libgcc.a(_copy_data.o)
 .text.libgcc.div
                0x00000000        0x0 c:/program files (x86)/atmel/studio/7.0/toolchain/avr8/avr8-gnu-toolchain/bin/../lib/gcc/avr/5.4.0/avr5\libgcc.a(_copy_data.o)
 .text.libgcc   0x00000000        0x0 c:/program files (x86)/atmel/studio/7.0/toolchain/avr8/avr8-gnu-toolchain/bin/../lib/gcc/avr/5.4.0/avr5\libgcc.a(_copy_data.o)
 .text.libgcc.prologue
                0x00000000        0x0 c:/program files (x86)/atmel/studio/7.0/toolchain/avr8/avr8-gnu-toolchain/bin/../lib/gcc/avr/5.4.0/avr5\libgcc.a(_copy_data.o)
 .text.libgcc.builtins
                0x00000000        0x0 c:/program files (x86)/atmel/studio/7.0/toolchain/avr8/avr8-gnu-toolchain/bin/../lib/gcc/avr/5.4.0/avr5\libgcc.a(_copy_data.o)
 .text.libgcc.fmul
                0x00000000        0x0 c:/program files (x86)/atmel/studio/7.0/toolchain/avr8/avr8-gnu-toolchain/bin/../lib/gcc/avr/5.4.0/avr5\libgcc.a(_copy_data.o)
 .text.libgcc.fixed
                0x00000000        0x0 c:/program files (x86)/atmel/studio/7.0/toolchain/avr8/avr8-gnu-toolchain/bin/../lib/gcc/avr/5.4.0/avr5\libgcc.a(_copy_data.o)
 .text          0x00000000        0x0 c:/program files (x86)/atmel/studio/7.0/toolchain/avr8/avr8-gnu-toolchain/bin/../lib/gcc/avr/5.4.0/avr5\libgcc.a(_clear_bss.o)
 .data          0x00000000        0x0 c:/program files (x86)/atmel/studio/7.0/toolchain/avr8/avr8-gnu-toolchain/bin/../lib/gcc/avr/5.4.0/avr5\libgcc.a(_clear_bss.o)
 .bss           0x00000000        0x0 c:/program files (x86)/atmel/studio/7.0/toolchain/avr8/avr8-gnu-toolchain/bin/../lib/gcc/avr/5.4.0/avr5\libgcc.a(_clear_bss.o)
 .text.libgcc.mul
                0x00000000        0x0 c:/program files (x86)/atmel/studio/7.0/toolchain/avr8/avr8-gnu-toolchain/bin/../lib/gcc/avr/5.4.0/avr5\libgcc.a(_clear_bss.o)
 .text.libgcc.div
                0x00000000        0x0 c:/program files (x86)/atmel/studio/7.0/toolchain/avr8/avr8-gnu-toolchain/bin/../lib/gcc/avr/5.4.0/avr5\libgcc.a(_clear_bss.o)
 .text.libgcc   0x00000000        0x0 c:/program files (x86)/atmel/studio/7.0/toolchain/avr8/avr8-gnu-toolchain/bin/../lib/gcc/avr/5.4.0/avr5\libgcc.a(_clear_bss.o)
 .text.libgcc.prologue
                0x00000000        0x0 c:/program files (x86)/atmel/studio/7.0/toolchain/avr8/avr8-gnu-toolchain/bin/../lib/gcc/avr/5.4.0/avr5\libgcc.a(_clear_bss.o)
 .text.libgcc.builtins
                0x00000000        0x0 c:/program files (x86)/atmel/studio/7.0/toolchain/avr8/avr8-gnu-toolchain/bin/../lib/gcc/avr/5.4.0/avr5\libgcc.a(_clear_bss.o)
 .text.libgcc.fmul
                0x00000000        0x0 c:/program files (x86)/atmel/studio/7.0/toolchain/avr8/avr8-gnu-toolchain/bin/../lib/gcc/avr/5.4.0/avr5\libgcc.a(_clear_bss.o)
 .text.libgcc.fixed
                0x00000000        0x0 c:/program files (x86)/atmel/studio/7.0/toolchain/avr8/avr8-gnu-toolchain/bin/../lib/gcc/avr/5.4.0/avr5\libgcc.a(_clear_bss.o)
 .text          0x00000000        0x0 c:/program files (x86)/atmel/studio/7.0/toolchain/avr8/avr8-gnu-toolchain/bin/../lib/gcc/avr/5.4.0/avr5\libgcc.a(_umulhisi3.o)
 .data          0x00000000        0x0 c:/program files (x86)/atmel/studio/7.0/toolchain/avr8/avr8-gnu-toolchain/bin/../lib/gcc/avr/5.4.0/avr5\libgcc.a(_umulhisi3.o)
 .bss           0x00000000        0x0 c:/program files (x86)/atmel/studio/7.0/toolchain/avr8/avr8-gnu-toolchain/bin/../lib/gcc/avr/5.4.0/avr5\libgcc.a(_umulhisi3.o)
 .text.libgcc.div
                0x00000000        0x0 c:/program files (x86)/atmel/studio/7.0/toolchain/avr8/avr8-gnu-toolchain/bin/../lib/gcc/avr/5.4.0/avr5\libgcc.a(_umulhisi3.o)
 .text.libgcc   0x00000000        0x0 c:/program files (x86)/atmel/studio/7.0/toolchain/avr8/avr8-gnu-toolchain/bin/../lib/gcc/avr/5.4.0/avr5\libgcc.a(_umulhisi3.o)
 .text.libgcc.prologue
                0x00000000        0x0 c:/program files (x86)/atmel/studio/7.0/toolchain/avr8/avr8-gnu-toolchain/bin/../lib/gcc/avr/5.4.0/avr5\libgcc.a(_umulhisi3.o)
 .text.libgcc.builtins
                0x00000000        0x0 c:/program files (x86)/atmel/studio/7.0/toolchain/avr8/avr8-gnu-toolchain/bin/../lib/gcc/avr/5.4.0/avr5\libgcc.a(_umulhisi3.o)
 .text.libgcc.fmul
                0x00000000        0x0 c:/program files (x86)/atmel/studio/7.0/toolchain/avr8/avr8-gnu-toolchain/bin/../lib/gcc/avr/5.4.0/avr5\libgcc.a(_umulhisi3.o)
 .text.libgcc.fixed
                0x00000000        0x0 c:/program files (x86)/atmel/studio/7.0/toolchain/avr8/avr8-gnu-toolchain/bin/../lib/gcc/avr/5.4.0/avr5\libgcc.a(_umulhisi3.o)
 .text          0x00000000        0x0 c:/program files (x86)/atmel/studio/7.0/toolchain/avr8/avr8-gnu-toolchain/bin/../lib/gcc/avr/5.4.0/avr5\libgcc.a(_muluhisi3.o)
 .data          0x00000000        0x0 c:/program files (x86)/atmel/studio/7.0/toolchain/avr8/avr8-gnu-toolchain/bin/../lib/gcc/avr/5.4.0/avr5\libgcc.a(_muluhisi3.o)
 .bss           0x00000000        0x0 c:/program files (x86)/atmel/studio/7.0/toolchain/avr8/avr8-gnu-toolchain/bin/../lib/gcc/avr/5.4.0/avr5\libgcc.a(_muluhisi3.o)
 .text.libgcc.div
                0x00000000        0x0 c:/program files (x86)/atmel/studio/7.0/toolchain/avr8/avr8-gnu-toolchain/bin/../lib/gcc/avr/5.4.0/avr5\libgcc.a(_muluhisi3.o)
 .text.libgcc   0x00000000        0x0 c:/program files (x86)/atmel/studio/7.0/toolchain/avr8/avr8-gnu-toolchain/bin/../lib/gcc/avr/5.4.0/avr5\libgcc.a(_muluhisi3.o)
 .text.libgcc.prologue
                0x00000000        0x0 c:/program files (x86)/atmel/studio/7.0/toolchain/avr8/avr8-gnu-toolchain/bin/../lib/gcc/avr/5.4.0/avr5\libgcc.a(_muluhisi3.o)
 .text.libgcc.builtins
                0x00000000        0x0 c:/program files (x86)/atmel/studio/7.0/toolchain/avr8/avr8-gnu-toolchain/bin/../lib/gcc/avr/5.4.0/avr5\libgcc.a(_muluhisi3.o)
 .text.libgcc.fmul
                0x00000000        0x0 c:/program files (x86)/atmel/studio/7.0/toolchain/avr8/avr8-gnu-toolchain/bin/../lib/gcc/avr/5.4.0/avr5\libgcc.a(_muluhisi3.o)
 .text.libgcc.fixed
                0x00000000        0x0 c:/program files (x86)/atmel/studio/7.0/toolchain/avr8/avr8-gnu-toolchain/bin/../lib/gcc/avr/5.4.0/avr5\libgcc.a(_muluhisi3.o)
 .text          0x00000000        0x0 c:/program files (x86)/atmel/studio/7.0/toolchain/avr8/avr8-gnu-toolchain/bin/../lib/gcc/avr/5.4.0/avr5\libgcc.a(_udivmodhi4.o)
 .data          0x00000000        0x0 c:/program files (x86)/atmel/studio/7.0/toolchain/avr8/avr8-gnu-toolchain/bin/../lib/gcc/avr/5.4.0/avr5\libgcc.a(_udivmodhi4.o)
 .bss           0x00000000        0x0 c:/program files (x86)/atmel/studio/7.0/toolchain/avr8/avr8-gnu-toolchain/bin/../lib/gcc/avr/5.4.0/avr5\libgcc.a(_udivmodhi4.o)
 .text.libgcc.mul
                0x00000000        0x0 c:/program files (x86)/atmel/studio/7.0/toolchain/avr8/avr8-gnu-toolchain/bin/../lib/gcc/avr/5.4.0/avr5\libgcc.a(_udivmodhi4.o)
 .text.libgcc   0x00000000        0x0 c:/program files (x86)/atmel/studio/7.0/toolchain/avr8/avr8-gnu-toolchain/bin/../lib/gcc/avr/5.4.0/avr5\libgcc.a(_udivmodhi4.o)
 .text.libgcc.prologue
                0x00000000        0x0 c:/program files (x86)/atmel/studio/7.0/toolchain/avr8/avr8-gnu-toolchain/bin/../lib/gcc/avr/5.4.0/avr5\libgcc.a(_udivmodhi4.o)
 .text.libgcc.builtins
                0x00000000        0x0 c:/program files (x86)/atmel/studio/7.0/toolchain/avr8/avr8-gnu-toolchain/bin/../lib/gcc/avr/5.4.0/avr5\libgcc.a(_udivmodhi4.o)
 .text.libgcc.fmul
                0x00000000        0x0 c:/program files (x86)/atmel/studio/7.0/toolchain/avr8/avr8-gnu-toolchain/bin/../lib/gcc/avr/5.4.0/avr5\libgcc.a(_udivmodhi4.o)
 .text.libgcc.fixed
                0x00000000        0x0 c:/program files (x86)/atmel/studio/7.0/toolchain/avr8/avr8-gnu-toolchain/bin/../lib/gcc/avr/5.4.0/avr5\libgcc.a(_udivmodhi4.o)

Memory Configuration

Name             Origin             Length             Attributes
text             0x00000000         0x00020000         xr
data             0x00800060         0x0000ffa0         rw !x
eeprom           0x00810000         0x00010000         rw !x
fuse             0x00820000         0x00000002         rw !x
lock             0x00830000         0x00000400         rw !x
signature        0x00840000         0x00000400         rw !x
user_signatures  0x00850000         0x00000400         rw !x
*default*        0x00000000         0xffffffff

Linker script and memory map

LOAD C:/Program Files (x86)/Atmel/Studio/7.0/Packs/atmel/ATmega_DFP/1.2.150/gcc/dev/atmega32/avr5/crtatmega32.o
LOAD APP/Car_sm.o
LOAD APP/Steering.o
LOAD Common/softwaredelay.o
LOAD Hall/Motor.o
LOAD Hall/Us.o
LOAD Macl/DIO.o
LOAD Macl/ICU.o
LOAD Macl/PWM.o
LOAD Macl/Timer.o
LOAD Main.o
LOAD src/ASF/mega/boards/stk600/rcx_x/init.o
START GROUP
LOAD c:/program files (x86)/atmel/studio/7.0/toolchain/avr8/avr8-gnu-toolchain/bin/../lib/gcc/avr/5.4.0/../../../../avr/lib/avr5\libm.a
END GROUP
START GROUP
LOAD c:/program files (x86)/atmel/studio/7.0/toolchain/avr8/avr8-gnu-toolchain/bin/../lib/gcc/avr/5.4.0/avr5\libgcc.a
LOAD c:/program files (x86)/atmel/studio/7.0/toolchain/avr8/avr8-gnu-toolchain/bin/../lib/gcc/avr/5.4.0/../../../../avr/lib/avr5\libm.a
LOAD c:/program files (x86)/atmel/studio/7.0/toolchain/avr8/avr8-gnu-toolchain/bin/../lib/gcc/avr/5.4.0/../../../../avr/lib/avr5\libc.a
LOAD C:/Program Files (x86)/Atmel/Studio/7.0/Packs/atmel/ATmega_DFP/1.2.150/gcc/dev/atmega32/avr5\libatmega32.a
END GROUP
                0x00020000                __TEXT_REGION_LENGTH__ = DEFINED (__TEXT_REGION_LENGTH__)?__TEXT_REGION_LENGTH__:0x20000
                0x0000ffa0                __DATA_REGION_LENGTH__ = DEFINED (__DATA_REGION_LENGTH__)?__DATA_REGION_LENGTH__:0xffa0
                0x00010000                __EEPROM_REGION_LENGTH__ = DEFINED (__EEPROM_REGION_LENGTH__)?__EEPROM_REGION_LENGTH__:0x10000
                [0x00000002]                __FUSE_REGION_LENGTH__ = DEFINED (__FUSE_REGION_LENGTH__)?__FUSE_REGION_LENGTH__:0x400
                0x00000400                __LOCK_REGION_LENGTH__ = DEFINED (__LOCK_REGION_LENGTH__)?__LOCK_REGION_LENGTH__:0x400
                0x00000400                __SIGNATURE_REGION_LENGTH__ = DEFINED (__SIGNATURE_REGION_LENGTH__)?__SIGNATURE_REGION_LENGTH__:0x400
                0x00000400                __USER_SIGNATURE_REGION_LENGTH__ = DEFINED (__USER_SIGNATURE_REGION_LENGTH__)?__USER_SIGNATURE_REGION_LENGTH__:0x400

.hash
 *(.hash)

.dynsym
 *(.dynsym)

.dynstr
 *(.dynstr)

.gnu.version
 *(.gnu.version)

.gnu.version_d
 *(.gnu.version_d)

.gnu.version_r
 *(.gnu.version_r)

.rel.init
 *(.rel.init)

.rela.init
 *(.rela.init)

.rel.text
 *(.rel.text)
 *(.rel.text.*)
 *(.rel.gnu.linkonce.t*)

.rela.text
 *(.rela.text)
 *(.rela.text.*)
 *(.rela.gnu.linkonce.t*)

.rel.fini
 *(.rel.fini)

.rela.fini
 *(.rela.fini)

.rel.rodata
 *(.rel.rodata)
 *(.rel.rodata.*)
 *(.rel.gnu.linkonce.r*)

.rela.rodata
 *(.rela.rodata)
 *(.rela.rodata.*)
 *(.rela.gnu.linkonce.r*)

.rel.data
 *(.rel.data)
 *(.rel.data.*)
 *(.rel.gnu.linkonce.d*)

.rela.data
 *(.rela.data)
 *(.rela.data.*)
 *(.rela.gnu.linkonce.d*)

.rel.ctors
 *(.rel.ctors)

.rela.ctors
 *(.rela.ctors)

.rel.dtors
 *(.rel.dtors)

.rela.dtors
 *(.rela.dtors)

.rel.got
 *(.rel.got)

.rela.got
 *(.rela.got)

.rel.bss
 *(.rel.bss)

.rela.bss
 *(.rela.bss)

.rel.plt
 *(.rel.plt)

.rela.plt
 *(.rela.plt)

.text           0x00000000     0x10d6
 *(.vectors)
 .vectors       0x00000000       0x54 C:/Program Files (x86)/Atmel/Studio/7.0/Packs/atmel/ATmega_DFP/1.2.150/gcc/dev/atmega32/avr5/crtatmega32.o
                0x00000000                __vector_default
                0x00000000                __vectors
 *(.vectors)
 *(.progmem.gcc*)
 .progmem.gcc_sw_table.Timer_Start
                0x00000054        0xe Macl/Timer.o
                0x00000062                . = ALIGN (0x2)
                0x00000062                __trampolines_start = .
 *(.trampolines)
 .trampolines   0x00000062        0x0 linker stubs
 *(.trampolines*)
                0x00000062                __trampolines_end = .
 *libprintf_flt.a:*(.progmem.data)
 *libc.a:*(.progmem.data)
 *(.progmem*)
                0x00000062                . = ALIGN (0x2)
 *(.jumptables)
 *(.jumptables*)
 *(.lowtext)
 *(.lowtext*)
                0x00000062                __ctors_start = .
 *(.ctors)
                0x00000062                __ctors_end = .
                0x00000062                __dtors_start = .
 *(.dtors)
                0x00000062                __dtors_end = .
 SORT(*)(.ctors)
 SORT(*)(.dtors)
 *(.init0)
 .init0         0x00000062        0x0 C:/Program Files (x86)/Atmel/Studio/7.0/Packs/atmel/ATmega_DFP/1.2.150/gcc/dev/atmega32/avr5/crtatmega32.o
                0x00000062                __init
 *(.init0)
 *(.init1)
 *(.init1)
 *(.init2)
 .init2         0x00000062        0xc C:/Program Files (x86)/Atmel/Studio/7.0/Packs/atmel/ATmega_DFP/1.2.150/gcc/dev/atmega32/avr5/crtatmega32.o
 *(.init2)
 *(.init3)
 *(.init3)
 *(.init4)
 .init4         0x0000006e       0x16 c:/program files (x86)/atmel/studio/7.0/toolchain/avr8/avr8-gnu-toolchain/bin/../lib/gcc/avr/5.4.0/avr5\libgcc.a(_copy_data.o)
                0x0000006e                __do_copy_data
 .init4         0x00000084       0x10 c:/program files (x86)/atmel/studio/7.0/toolchain/avr8/avr8-gnu-toolchain/bin/../lib/gcc/avr/5.4.0/avr5\libgcc.a(_clear_bss.o)
                0x00000084                __do_clear_bss
 *(.init4)
 *(.init5)
 *(.init5)
 *(.init6)
 *(.init6)
 *(.init7)
 *(.init7)
 *(.init8)
 *(.init8)
 *(.init9)
 .init9         0x00000094        0x6 C:/Program Files (x86)/Atmel/Studio/7.0/Packs/atmel/ATmega_DFP/1.2.150/gcc/dev/atmega32/avr5/crtatmega32.o
 *(.init9)
 *(.text)
 .text          0x0000009a        0x2 C:/Program Files (x86)/Atmel/Studio/7.0/Packs/atmel/ATmega_DFP/1.2.150/gcc/dev/atmega32/avr5/crtatmega32.o
                0x0000009a                __vector_1
                0x0000009a                __vector_12
                0x0000009a                __bad_interrupt
                0x0000009a                __vector_6
                0x0000009a                __vector_13
                0x0000009a                __vector_17
                0x0000009a                __vector_19
                0x0000009a                __vector_7
                0x0000009a                __vector_5
                0x0000009a                __vector_4
                0x0000009a                __vector_9
                0x0000009a                __vector_2
                0x0000009a                __vector_15
                0x0000009a                __vector_8
                0x0000009a                __vector_14
                0x0000009a                __vector_10
                0x0000009a                __vector_16
                0x0000009a                __vector_18
                0x0000009a                __vector_20
                0x0000009c                . = ALIGN (0x2)
 *(.text.*)
 .text.Car_SM_Init
                0x0000009c       0x1c APP/Car_sm.o
                0x0000009c                Car_SM_Init
 .text.Car_SM_Update
                0x000000b8       0x4e APP/Car_sm.o
                0x000000b8                Car_SM_Update
 .text.Steering_Init
                0x00000106       0x20 APP/Steering.o
                0x00000106                Steering_Init
 .text.Steering_SteerCar
                0x00000126       0x9c APP/Steering.o
                0x00000126                Steering_SteerCar
 .text.softwareDelayMs
                0x000001c2       0x34 Common/softwaredelay.o
                0x000001c2                softwareDelayMs
 .text.Motor_Init
                0x000001f6       0x66 Hall/Motor.o
                0x000001f6                Motor_Init
 .text.Motor_Direction
                0x0000025c       0xa6 Hall/Motor.o
                0x0000025c                Motor_Direction
 .text.Motor_Start
                0x00000302       0x2e Hall/Motor.o
                0x00000302                Motor_Start
 .text.Motor_Stop
                0x00000330       0x46 Hall/Motor.o
                0x00000330                Motor_Stop
 .text.Us_Init  0x00000376       0x52 Hall/Us.o
                0x00000376                Us_Init
 .text.Us_Trigger
                0x000003c8       0x42 Hall/Us.o
                0x000003c8                Us_Trigger
 .text.Us_GetDistance
                0x0000040a       0x4c Hall/Us.o
                0x0000040a                Us_GetDistance
 .text.DIO_init
                0x00000456       0xc2 Macl/DIO.o
                0x00000456                DIO_init
 .text.DIO_Write
                0x00000518       0x9c Macl/DIO.o
                0x00000518                DIO_Write
 .text.Icu_Init
                0x000005b4       0x84 Macl/ICU.o
                0x000005b4                Icu_Init
 .text.Icu_ReadTime
                0x00000638       0x70 Macl/ICU.o
                0x00000638                Icu_ReadTime
 .text.__vector_3
                0x000006a8       0x86 Macl/ICU.o
                0x000006a8                __vector_3
 .text.Pwm_Init
                0x0000072e      0x1a8 Macl/PWM.o
                0x0000072e                Pwm_Init
 .text.Pwm_Start
                0x000008d6      0x1d8 Macl/PWM.o
                0x000008d6                Pwm_Start
 .text.Timer_Init
                0x00000aae       0xd6 Macl/Timer.o
                0x00000aae                Timer_Init
 .text.Timer_Start
                0x00000b84      0x2ce Macl/Timer.o
                0x00000b84                Timer_Start
 .text.Timer_Stop
                0x00000e52       0x76 Macl/Timer.o
                0x00000e52                Timer_Stop
 .text.Timer_GetStatus
                0x00000ec8       0x5c Macl/Timer.o
                0x00000ec8                Timer_GetStatus
 .text.Timer_GetValue
                0x00000f24       0x52 Macl/Timer.o
                0x00000f24                Timer_GetValue
 .text.Timer_SetValue
                0x00000f76       0x32 Macl/Timer.o
                0x00000f76                Timer_SetValue
 .text.__vector_11
                0x00000fa8       0x4a Macl/Timer.o
                0x00000fa8                __vector_11
 .text.main     0x00000ff2       0x10 Main.o
                0x00000ff2                main
 .text.libgcc.div
                0x00001002       0x26 c:/program files (x86)/atmel/studio/7.0/toolchain/avr8/avr8-gnu-toolchain/bin/../lib/gcc/avr/5.4.0/avr5\libgcc.a(_divmodhi4.o)
                0x00001002                _div
                0x00001002                __divmodhi4
 .text.libgcc.div
                0x00001028       0x44 c:/program files (x86)/atmel/studio/7.0/toolchain/avr8/avr8-gnu-toolchain/bin/../lib/gcc/avr/5.4.0/avr5\libgcc.a(_udivmodsi4.o)
                0x00001028                __udivmodsi4
 .text.libgcc   0x0000106c        0xc c:/program files (x86)/atmel/studio/7.0/toolchain/avr8/avr8-gnu-toolchain/bin/../lib/gcc/avr/5.4.0/avr5\libgcc.a(_tablejump2.o)
                0x0000106c                __tablejump2__
 .text.libgcc.mul
                0x00001078       0x1e c:/program files (x86)/atmel/studio/7.0/toolchain/avr8/avr8-gnu-toolchain/bin/../lib/gcc/avr/5.4.0/avr5\libgcc.a(_umulhisi3.o)
                0x00001078                __umulhisi3
 .text.libgcc.mul
                0x00001096       0x14 c:/program files (x86)/atmel/studio/7.0/toolchain/avr8/avr8-gnu-toolchain/bin/../lib/gcc/avr/5.4.0/avr5\libgcc.a(_muluhisi3.o)
                0x00001096                __muluhisi3
 .text.libgcc.div
                0x000010aa       0x28 c:/program files (x86)/atmel/studio/7.0/toolchain/avr8/avr8-gnu-toolchain/bin/../lib/gcc/avr/5.4.0/avr5\libgcc.a(_udivmodhi4.o)
                0x000010aa                __udivmodhi4
                0x000010d2                . = ALIGN (0x2)
 *(.fini9)
 .fini9         0x000010d2        0x0 c:/program files (x86)/atmel/studio/7.0/toolchain/avr8/avr8-gnu-toolchain/bin/../lib/gcc/avr/5.4.0/avr5\libgcc.a(_exit.o)
                0x000010d2                _exit
                0x000010d2                exit
 *(.fini9)
 *(.fini8)
 *(.fini8)
 *(.fini7)
 *(.fini7)
 *(.fini6)
 *(.fini6)
 *(.fini5)
 *(.fini5)
 *(.fini4)
 *(.fini4)
 *(.fini3)
 *(.fini3)
 *(.fini2)
 *(.fini2)
 *(.fini1)
 *(.fini1)
 *(.fini0)
 .fini0         0x000010d2        0x4 c:/program files (x86)/atmel/studio/7.0/toolchain/avr8/avr8-gnu-toolchain/bin/../lib/gcc/avr/5.4.0/avr5\libgcc.a(_exit.o)
 *(.fini0)
                0x000010d6                _etext = .

.data           0x00800060       0x1c load address 0x000010d6
                0x00800060                PROVIDE (__data_start, .)
 *(.data)
 *(.data*)
 *(.gnu.linkonce.d*)
 *(.rodata)
 *(.rodata*)
 .rodata.gsau8_prescaler_2_LUT
                0x00800060        0x7 Macl/PWM.o
 .rodata.gsau8_prescaler_0_1_LUT
                0x00800067        0x7 Macl/PWM.o
 .rodata.gsau8_prescaler_calc_LUT
                0x0080006e        0xe Macl/PWM.o
 *(.gnu.linkonce.r*)
                0x0080007c                . = ALIGN (0x2)
                0x0080007c                _edata = .
                0x0080007c                PROVIDE (__data_end, .)

.bss            0x0080007c       0x1c
                0x0080007c                PROVIDE (__bss_start, .)
 *(.bss)
 *(.bss*)
 .bss.gu8_risetorise
                0x0080007c        0x2 Macl/ICU.o
 .bss.gu8_falltorise
                0x0080007e        0x2 Macl/ICU.o
 .bss.gu8_risetofall
                0x00800080        0x2 Macl/ICU.o
 .bss.gu8_Flag  0x00800082        0x1 Macl/ICU.o
 .bss.gsau8_initState
                0x00800083        0x4 Macl/PWM.o
 .bss.gsau8_preScaler
                0x00800087        0x4 Macl/PWM.o
 .bss.gsau8_initState
                0x0080008b        0x3 Macl/Timer.o
 .bss.gsau8_preScaler
                0x0080008e        0x3 Macl/Timer.o
 .bss.gsau8_mode
                0x00800091        0x3 Macl/Timer.o
 .bss.gu_timer_count1
                0x00800094        0x4 Macl/Timer.o
                0x00800094                gu_timer_count1
 *(COMMON)
                0x00800098                PROVIDE (__bss_end, .)
                0x000010d6                __data_load_start = LOADADDR (.data)
                0x000010f2                __data_load_end = (__data_load_start + SIZEOF (.data))

.noinit         0x00800098        0x0
                [!provide]                PROVIDE (__noinit_start, .)
 *(.noinit*)
                [!provide]                PROVIDE (__noinit_end, .)
                0x00800098                _end = .
                [!provide]                PROVIDE (__heap_start, .)

.eeprom         0x00810000        0x0
 *(.eeprom*)
                0x00810000                __eeprom_end = .

.fuse
 *(.fuse)
 *(.lfuse)
 *(.hfuse)
 *(.efuse)

.lock
 *(.lock*)

.signature
 *(.signature*)

.user_signatures
 *(.user_signatures*)

.stab
 *(.stab)

.stabstr
 *(.stabstr)

.stab.excl
 *(.stab.excl)

.stab.exclstr
 *(.stab.exclstr)

.stab.index
 *(.stab.index)

.stab.indexstr
 *(.stab.indexstr)

.comment        0x00000000       0x30
 *(.comment)
 .comment       0x00000000       0x30 APP/Car_sm.o
                                 0x31 (size before relaxing)
 .comment       0x00000030       0x31 APP/Steering.o
 .comment       0x00000030       0x31 Common/softwaredelay.o
 .comment       0x00000030       0x31 Hall/Motor.o
 .comment       0x00000030       0x31 Hall/Us.o
 .comment       0x00000030       0x31 Macl/DIO.o
 .comment       0x00000030       0x31 Macl/ICU.o
 .comment       0x00000030       0x31 Macl/PWM.o
 .comment       0x00000030       0x31 Macl/Timer.o
 .comment       0x00000030       0x31 Main.o

.note.gnu.avr.deviceinfo
                0x00000000       0x3c
 .note.gnu.avr.deviceinfo
                0x00000000       0x3c C:/Program Files (x86)/Atmel/Studio/7.0/Packs/atmel/ATmega_DFP/1.2.150/gcc/dev/atmega32/avr5/crtatmega32.o

.note.gnu.build-id
 *(.note.gnu.build-id)

.debug
 *(.debug)

.line
 *(.line)

.debug_srcinfo
 *(.debug_srcinfo)

.debug_sfnames
 *(.debug_sfnames)

.debug_aranges  0x00000000      0x1f8
 *(.debug_aranges)
 .debug_aranges
                0x00000000       0x28 APP/Car_sm.o
 .debug_aranges
                0x00000028       0x28 APP/Steering.o
 .debug_aranges
                0x00000050       0x28 Common/softwaredelay.o
 .debug_aranges
                0x00000078       0x40 Hall/Motor.o
 .debug_aranges
                0x000000b8       0x30 Hall/Us.o
 .debug_aranges
                0x000000e8       0x38 Macl/DIO.o
 .debug_aranges
                0x00000120       0x30 Macl/ICU.o
 .debug_aranges
                0x00000150       0x38 Macl/PWM.o
 .debug_aranges
                0x00000188       0x50 Macl/Timer.o
 .debug_aranges
                0x000001d8       0x20 Main.o

.debug_pubnames
 *(.debug_pubnames)

.debug_info     0x00000000     0x2122
 *(.debug_info .gnu.linkonce.wi.*)
 .debug_info    0x00000000      0x4e6 C:/Program Files (x86)/Atmel/Studio/7.0/Packs/atmel/ATmega_DFP/1.2.150/gcc/dev/atmega32/avr5/crtatmega32.o
 .debug_info    0x000004e6      0x19c APP/Car_sm.o
 .debug_info    0x00000682      0x2d9 APP/Steering.o
 .debug_info    0x0000095b      0x142 Common/softwaredelay.o
 .debug_info    0x00000a9d      0x58c Hall/Motor.o
 .debug_info    0x00001029      0x2e0 Hall/Us.o
 .debug_info    0x00001309      0x214 Macl/DIO.o
 .debug_info    0x0000151d      0x33d Macl/ICU.o
 .debug_info    0x0000185a      0x47c Macl/PWM.o
 .debug_info    0x00001cd6      0x372 Macl/Timer.o
 .debug_info    0x00002048       0xda Main.o

.debug_abbrev   0x00000000      0xdf6
 *(.debug_abbrev)
 .debug_abbrev  0x00000000      0x4a3 C:/Program Files (x86)/Atmel/Studio/7.0/Packs/atmel/ATmega_DFP/1.2.150/gcc/dev/atmega32/avr5/crtatmega32.o
 .debug_abbrev  0x000004a3       0xc6 APP/Car_sm.o
 .debug_abbrev  0x00000569       0xac APP/Steering.o
 .debug_abbrev  0x00000615       0x95 Common/softwaredelay.o
 .debug_abbrev  0x000006aa      0x104 Hall/Motor.o
 .debug_abbrev  0x000007ae       0xf1 Hall/Us.o
 .debug_abbrev  0x0000089f       0xe3 Macl/DIO.o
 .debug_abbrev  0x00000982      0x129 Macl/ICU.o
 .debug_abbrev  0x00000aab      0x18b Macl/PWM.o
 .debug_abbrev  0x00000c36      0x13e Macl/Timer.o
 .debug_abbrev  0x00000d74       0x82 Main.o

.debug_line     0x00000000     0x22ae
 *(.debug_line .debug_line.* .debug_line_end)
 .debug_line    0x00000000      0x115 C:/Program Files (x86)/Atmel/Studio/7.0/Packs/atmel/ATmega_DFP/1.2.150/gcc/dev/atmega32/avr5/crtatmega32.o
 .debug_line    0x00000115      0x441 APP/Car_sm.o
 .debug_line    0x00000556      0x277 APP/Steering.o
 .debug_line    0x000007cd       0xd1 Common/softwaredelay.o
 .debug_line    0x0000089e      0x334 Hall/Motor.o
 .debug_line    0x00000bd2      0x29e Hall/Us.o
 .debug_line    0x00000e70      0x31e Macl/DIO.o
 .debug_line    0x0000118e      0x26c Macl/ICU.o
 .debug_line    0x000013fa      0x472 Macl/PWM.o
 .debug_line    0x0000186c      0x6ac Macl/Timer.o
 .debug_line    0x00001f18      0x396 Main.o

.debug_frame    0x00000000      0x428
 *(.debug_frame)
 .debug_frame   0x00000000       0x4c APP/Car_sm.o
 .debug_frame   0x0000004c       0x44 APP/Steering.o
 .debug_frame   0x00000090       0x34 Common/softwaredelay.o
 .debug_frame   0x000000c4       0x7c Hall/Motor.o
 .debug_frame   0x00000140       0x7c Hall/Us.o
 .debug_frame   0x000001bc       0x54 Macl/DIO.o
 .debug_frame   0x00000210       0xb4 Macl/ICU.o
 .debug_frame   0x000002c4       0x9c Macl/PWM.o
 .debug_frame   0x00000360       0xa4 Macl/Timer.o
 .debug_frame   0x00000404       0x24 Main.o

.debug_str      0x00000000     0x41fb
 *(.debug_str)
 .debug_str     0x00000000      0x196 C:/Program Files (x86)/Atmel/Studio/7.0/Packs/atmel/ATmega_DFP/1.2.150/gcc/dev/atmega32/avr5/crtatmega32.o
 .debug_str     0x00000196     0x3b7b APP/Car_sm.o
                               0x3bf0 (size before relaxing)
 .debug_str     0x00003d11       0x5a APP/Steering.o
                               0x36dc (size before relaxing)
 .debug_str     0x00003d6b       0x73 Common/softwaredelay.o
                               0x2c55 (size before relaxing)
 .debug_str     0x00003dde       0x8a Hall/Motor.o
                               0x36d2 (size before relaxing)
 .debug_str     0x00003e68       0x61 Hall/Us.o
                               0x39f3 (size before relaxing)
 .debug_str     0x00003ec9       0x47 Macl/DIO.o
                               0x34aa (size before relaxing)
 .debug_str     0x00003f10      0x113 Macl/ICU.o
                               0x3a7a (size before relaxing)
 .debug_str     0x00004023      0x14a Macl/PWM.o
                               0x376f (size before relaxing)
 .debug_str     0x0000416d       0x7d Macl/Timer.o
                               0x38d7 (size before relaxing)
 .debug_str     0x000041ea       0x11 Main.o
                               0x3b9f (size before relaxing)

.debug_loc      0x00000000     0x1c3e
 *(.debug_loc)
 .debug_loc     0x00000000       0xab APP/Car_sm.o
 .debug_loc     0x000000ab      0x1dc APP/Steering.o
 .debug_loc     0x00000287       0xea Common/softwaredelay.o
 .debug_loc     0x00000371      0x431 Hall/Motor.o
 .debug_loc     0x000007a2      0x1aa Hall/Us.o
 .debug_loc     0x0000094c      0x4a5 Macl/DIO.o
 .debug_loc     0x00000df1      0x292 Macl/ICU.o
 .debug_loc     0x00001083      0x72f Macl/PWM.o
 .debug_loc     0x000017b2      0x48c Macl/Timer.o

.debug_macinfo
 *(.debug_macinfo)

.debug_weaknames
 *(.debug_weaknames)

.debug_funcnames
 *(.debug_funcnames)

.debug_typenames
 *(.debug_typenames)

.debug_varnames
 *(.debug_varnames)

.debug_pubtypes
 *(.debug_pubtypes)

.debug_ranges   0x00000000      0x1d8
 *(.debug_ranges)
 .debug_ranges  0x00000000       0x18 APP/Car_sm.o
 .debug_ranges  0x00000018       0x18 APP/Steering.o
 .debug_ranges  0x00000030       0x18 Common/softwaredelay.o
 .debug_ranges  0x00000048       0x30 Hall/Motor.o
 .debug_ranges  0x00000078       0x20 Hall/Us.o
 .debug_ranges  0x00000098       0x28 Macl/DIO.o
 .debug_ranges  0x000000c0       0x58 Macl/ICU.o
 .debug_ranges  0x00000118       0x70 Macl/PWM.o
 .debug_ranges  0x00000188       0x40 Macl/Timer.o
 .debug_ranges  0x000001c8       0x10 Main.o

.debug_macro    0x00000000     0x1720
 *(.debug_macro)
 .debug_macro   0x00000000      0x11e APP/Car_sm.o
 .debug_macro   0x0000011e      0xa4e APP/Car_sm.o
 .debug_macro   0x00000b6c       0x3a APP/Car_sm.o
 .debug_macro   0x00000ba6      0x220 APP/Car_sm.o
 .debug_macro   0x00000dc6       0x2e APP/Car_sm.o
 .debug_macro   0x00000df4       0x9a APP/Car_sm.o
 .debug_macro   0x00000e8e       0x5e APP/Car_sm.o
 .debug_macro   0x00000eec       0x28 APP/Car_sm.o
 .debug_macro   0x00000f14       0x2e APP/Car_sm.o
 .debug_macro   0x00000f42       0x8e APP/Car_sm.o
 .debug_macro   0x00000fd0       0x70 APP/Car_sm.o
 .debug_macro   0x00001040       0x40 APP/Car_sm.o
 .debug_macro   0x00001080       0x10 APP/Car_sm.o
 .debug_macro   0x00001090       0x90 APP/Steering.o
 .debug_macro   0x00001120       0x24 Common/softwaredelay.o
 .debug_macro   0x00001144       0x79 Hall/Motor.o
 .debug_macro   0x000011bd       0xba Hall/Us.o
 .debug_macro   0x00001277       0x4f Macl/DIO.o
 .debug_macro   0x000012c6       0x90 Macl/ICU.o
 .debug_macro   0x00001356       0xa0 Macl/ICU.o
 .debug_macro   0x000013f6       0x40 Macl/ICU.o
 .debug_macro   0x00001436       0x8a Macl/PWM.o
 .debug_macro   0x000014c0       0x5e Macl/PWM.o
 .debug_macro   0x0000151e       0x74 Macl/Timer.o
 .debug_macro   0x00001592       0x70 Macl/Timer.o
 .debug_macro   0x00001602      0x11e Main.o
OUTPUT(Car_static_arch.elf elf32-avr)
LOAD linker stubs
